// Jest Snapshot v1, https://goo.gl/fbAQLP

exports[`SpeechBubble matches snapshot 1`] = `
<DocumentFragment>
  <div
    class="right bubble test"
  >
    <div
      class="text_wrapper"
    >
      <span
        class="text"
      >
        Example test
      </span>
    </div>
  </div>
</DocumentFragment>
`;
