// Jest Snapshot v1, https://goo.gl/fbAQLP

exports[`AppHeader matches snapshot 1`] = `
<DocumentFragment>
  <header
    class="header_wrapper"
  >
    <a
      href="/"
    >
      <img
        alt="application logo"
        class="img_logo"
        data-nimg="1"
        decoding="async"
        height="40"
        loading="lazy"
        src="/_next/image?url=%2Fimg.jpg&w=96&q=75"
        srcset="/_next/image?url=%2Fimg.jpg&w=48&q=75 1x, /_next/image?url=%2Fimg.jpg&w=96&q=75 2x"
        style="color: transparent;"
        width="40"
      />
    </a>
    <div
      class="nav_background"
    >
      <a
        class="nav_link"
        href="/about"
      >
        About Us
      </a>
    </div>
  </header>
</DocumentFragment>
`;
